// Jest Snapshot v1, https://goo.gl/fbAQLP

exports[`Categories Resolver can get a list of categories 1`] = `
{
  "data": {
    "allCategories": [
      {
        "description": "Oat cake biscuit cookie chocolate pudding. Fruitcake cake cupcake bonbon pudding tiramisu jelly beans marzipan. Shortbread dessert chocolate biscuit jelly-o brownie. Toffee tootsie roll lollipop jelly beans powder croissant pie. Sesame snaps jelly-o dessert sugar plum donut caramels chocolate. Bear claw macaroon brownie cookie icing jelly sugar plum.",
        "id": 1,
        "image": "https://www.highgest.fr/image/562535501368/1920/928/Les-petits-+.jpg",
        "name": "Mobilier",
      },
      {
        "description": "Oat cake biscuit cookie chocolate pudding. Fruitcake cake cupcake bonbon pudding tiramisu jelly beans marzipan. Shortbread dessert chocolate biscuit jelly-o brownie. Toffee tootsie roll lollipop jelly beans powder croissant pie. Sesame snaps jelly-o dessert sugar plum donut caramels chocolate. Bear claw macaroon brownie cookie icing jelly sugar plum.",
        "id": 2,
        "image": "https://www.highgest.fr/image/505818799390/1920/945/Les-petits-+.jpg",
        "name": "Eclairage",
      },
    ],
  },
}
`;

exports[`Categories Resolver can get one category by id 1`] = `
{
  "errors": [
    [GraphQLError: Unknown argument "categoryId" on field "Query.categoryById".],
    [GraphQLError: Field "categoryById" argument "id" of type "Int!" is required, but it was not provided.],
  ],
}
`;
